[lifeinsys.com/item/jonjul/index.html]
[backblue.gif]
[fade.gif]
[index.html]
[lifeinsys.com/item/jonjul/img/favicon.png]
[lifeinsys.com/item/jonjul/css/bootstrap.min.css]
[lifeinsys.com/item/jonjul/css/animate.min.css]
[lifeinsys.com/item/jonjul/css/linea-basic.css]
[lifeinsys.com/item/jonjul/css/fontawesome-all.min.css]
[lifeinsys.com/item/jonjul/css/magnific-popup.css]
[lifeinsys.com/item/jonjul/css/style.css]
[lifeinsys.com/item/jonjul/img/developer.jpg]
[lifeinsys.com/item/jonjul/img/portfolio/1.jpg]
[lifeinsys.com/item/jonjul/img/portfolio/2.jpg]
[lifeinsys.com/item/jonjul/img/portfolio/3.jpg]
[lifeinsys.com/item/jonjul/img/portfolio/4.jpg]
[lifeinsys.com/item/jonjul/img/portfolio/5.jpg]
[lifeinsys.com/item/jonjul/img/portfolio/6.jpg]
[lifeinsys.com/cdn-cgi/scripts/5c5dd728/cloudflare-static/email-decode.min.js]
[lifeinsys.com/item/jonjul/js/jquery-3.0.0.min.js]
[lifeinsys.com/item/jonjul/js/jquery-migrate-3.0.0.min.js]
[lifeinsys.com/item/jonjul/js/popper.min.js]
[lifeinsys.com/item/jonjul/js/scrollIt.min.js]
[lifeinsys.com/item/jonjul/js/animated.headline.js]
[lifeinsys.com/item/jonjul/js/bootstrap.min.js]
[lifeinsys.com/item/jonjul/js/jquery.waypoints.min.js]
[lifeinsys.com/item/jonjul/js/jquery.counterup.min.js]
[lifeinsys.com/item/jonjul/js/jquery.stellar.min.js]
[lifeinsys.com/item/jonjul/js/jquery.magnific-popup.min.js]
[lifeinsys.com/item/jonjul/js/validator.js]
[lifeinsys.com/item/jonjul/js/isotope.pkgd.min.js]
[lifeinsys.com/item/jonjul/index.html]
[lifeinsys.com/item/jonjul/css/bootstrap.min.css]
[lifeinsys.com/item/jonjul/css/animate.min.css]
[lifeinsys.com/item/jonjul/js/custom.js]
[lifeinsys.com/item/jonjul/fonts/linea-basic-10.eot]
[lifeinsys.com/item/jonjul/fonts/linea-basic-10.woff]
[lifeinsys.com/item/jonjul/fonts/linea-basic-10.ttf]
[lifeinsys.com/item/jonjul/fonts/linea-basic-10d41d.eot]
[lifeinsys.com/item/jonjul/css/linea-basic.css]
[lifeinsys.com/item/jonjul/fonts/linea-basic-10.html]
[lifeinsys.com/item/jonjul/fonts/fa-brands-400.woff2]
[lifeinsys.com/item/jonjul/fonts/fa-brands-400.eot]
[lifeinsys.com/item/jonjul/fonts/fa-brands-400.ttf]
[lifeinsys.com/item/jonjul/fonts/fa-brands-400d41d.eot]
[lifeinsys.com/item/jonjul/fonts/fa-brands-400.html]
[lifeinsys.com/item/jonjul/fonts/fa-regular-400.eot]
[lifeinsys.com/item/jonjul/fonts/fa-regular-400d41d.eot]
[lifeinsys.com/item/jonjul/fonts/fa-brands-400.woff]
[lifeinsys.com/item/jonjul/fonts/fa-regular-400.woff2]
[lifeinsys.com/item/jonjul/fonts/fa-regular-400.ttf]
[lifeinsys.com/item/jonjul/fonts/fa-regular-400.woff]
[lifeinsys.com/item/jonjul/fonts/fa-regular-400.html]
[lifeinsys.com/item/jonjul/fonts/fa-solid-900.woff2]
[lifeinsys.com/item/jonjul/fonts/fa-solid-900.eot]
[lifeinsys.com/item/jonjul/fonts/fa-solid-900.ttf]
[lifeinsys.com/item/jonjul/css/fontawesome-all.min.css]
[lifeinsys.com/item/jonjul/fonts/fa-solid-900.html]
[lifeinsys.com/item/jonjul/css/magnific-popup.css]
[lifeinsys.com/item/jonjul/fonts/fa-solid-900d41d.eot]
[lifeinsys.com/item/jonjul/img/title-bg.png]
[lifeinsys.com/item/jonjul/img/map-light.png]
[lifeinsys.com/item/jonjul/fonts/fa-solid-900.woff]
[lifeinsys.com/item/jonjul/img/map-dark.png]
[lifeinsys.com/item/jonjul/css/style.css]
[lifeinsys.com/item/jonjul/fonts/linea-basic-10.html]
[lifeinsys.com/item/jonjul/fonts/fa-brands-400.html]
[lifeinsys.com/item/jonjul/fonts/fa-regular-400.html]
[lifeinsys.com/item/jonjul/fonts/fa-solid-900.html]
